MonkRulesAppendCurrentYear
MonkRulesAppendCurrentYearUpper
MonkRulesAppendLastYear
MonkRulesAppendLastYearUpper
MonkRulesAppendNextYear
MonkRulesAppendNextYearUpper
MonkRulesAppendYear
MonkRulesAppendYearUpper
MonkRulesPrependCurrentYear
MonkRulesPrependCurrentYearUpper
MonkRulesPrependLastYear
MonkRulesPrependLastYearUpper
MonkRulesPrependNextYear
MonkRulesPrependNextYearUpper
MonkRulesPrependYear
MonkRulesPrependYearUpper
MonkRulesAppendCommonSequence
MonkRulesAppendCommonSequenceUpper
MonkRulesPrependCommonSequence
MonkRulesPrependCommonSequenceUpper
MonkRulesAppendCommonSpecial
MonkRulesAppendCommonSpecialUpper
MonkRulesAppendSpecial
MonkRulesAppendSpecialUpper
MonkRulesPrependCommonSpecial
MonkRulesPrependCommonSpecialUpper
MonkRulesPrependSpecial
MonkRulesPrependSpecialUpper
MonkRulesAppend1Num
MonkRulesAppend1NumUpper
MonkRulesAppend2Num
MonkRulesAppend2NumUpper
MonkRulesAppend3Num
MonkRulesAppend3NumUpper
MonkRulesAppend4Num
MonkRulesAppend4NumUpper
MonkRulesAppendUpTo4Num
MonkRulesAppendUpTo4NumUpper
MonkRulesPrepend1Num
MonkRulesPrepend1NumUpper
MonkRulesPrepend2Num
MonkRulesPrepend2NumUpper
MonkRulesPrepend3Num
MonkRulesPrepend3NumUpper
MonkRulesPrepend4Num
MonkRulesPrepend4NumUpper
MonkRulesPrependUpTo4Num
MonkRulesPrependUpTo4NumUpper
MonkRulesAppendCommonSpecialCommonSequence
MonkRulesAppendCommonSpecialCommonSequenceUpper
MonkRulesAppendSpecialCommonSequence
MonkRulesAppendSpecialCommonSequenceUpper
MonkRulesPrependCommonSpecialCommonSequence
MonkRulesPrependCommonSpecialCommonSequenceUpper
MonkRulesPrependSpecialCommonSequence
MonkRulesPrependSpecialCommonSequenceUpper
MonkRulesAppendCommonSequenceCommonSpecial
MonkRulesAppendCommonSequenceCommonSpecialUpper
MonkRulesAppendCommonSequenceSpecial
MonkRulesAppendCommonSequenceSpecialUpper
MonkRulesPrependCommonSequenceCommonSpecial
MonkRulesPrependCommonSequenceCommonSpecialUpper
MonkRulesPrependCommonSequenceSpecial
MonkRulesPrependCommonSequenceSpecialUpper
MonkRulesAppendCommonSpecialCurrentYear
MonkRulesAppendCommonSpecialCurrentYearUpper
MonkRulesAppendCommonSpecialLastYear
MonkRulesAppendCommonSpecialLastYearUpper
MonkRulesAppendCommonSpecialNextYear
MonkRulesAppendCommonSpecialNextYearUpper
MonkRulesAppendSpecialCurrentYear
MonkRulesAppendSpecialCurrentYearUpper
MonkRulesAppendSpecialLastYear
MonkRulesAppendSpecialLastYearUpper
MonkRulesAppendCommonSpecialYear
MonkRulesAppendCommonSpecialYearUpper
MonkRulesAppendSpecialYear
MonkRulesAppendSpecialYearUpper
MonkRulesPrependCommonSpecialCurrentYear
MonkRulesPrependCommonSpecialCurrentYearUpper
MonkRulesPrependCommonSpecialLastYear
MonkRulesPrependCommonSpecialLastYearUpper
MonkRulesPrependCommonSpecialNextYear
MonkRulesPrependCommonSpecialNextYearUpper
MonkRulesPrependSpecialCurrentYear
MonkRulesPrependSpecialCurrentYearUpper
MonkRulesPrependSpecialLastYear
MonkRulesPrependSpecialLastYearUpper
MonkRulesPrependCommonSpecialYear
MonkRulesPrependCommonSpecialYearUpper
MonkRulesPrependSpecialYear
MonkRulesPrependSpecialYearUpper
MonkRulesAppendCurrentYearCommonSpecial
MonkRulesAppendCurrentYearCommonSpecialUpper
MonkRulesAppendCurrentYearSpecial
MonkRulesAppendCurrentYearSpecialUpper
MonkRulesAppendLastYearCommonSpecial
MonkRulesAppendLastYearCommonSpecialUpper
MonkRulesAppendLastYearSpecial
MonkRulesAppendLastYearSpecialUpper
MonkRulesAppendYearCommonSpecial
MonkRulesAppendYearCommonSpecialUpper
MonkRulesAppendYearSpecial
MonkRulesAppendYearSpecialUpper
MonkRulesPrependCurrentYearCommonSpecial
MonkRulesPrependCurrentYearCommonSpecialUpper
MonkRulesPrependCurrentYearSpecial
MonkRulesPrependCurrentYearSpecialUpper
MonkRulesPrependLastYearCommonSpecial
MonkRulesPrependLastYearCommonSpecialUpper
MonkRulesPrependLastYearSpecial
MonkRulesPrependLastYearSpecialUpper
MonkRulesPrependYearCommonSpecial
MonkRulesPrependYearCommonSpecialUpper
MonkRulesPrependYearSpecial
MonkRulesPrependYearSpecialUpper
MonkRulesAppendCommonSpecial1Num
MonkRulesAppendCommonSpecial1NumUpper
MonkRulesAppendSpecial1Num
MonkRulesAppendSpecial1NumUpper
MonkRulesAppendCommonSpecial2Num
MonkRulesAppendCommonSpecial2NumUpper
MonkRulesAppendSpecial2Num
MonkRulesAppendSpecial2NumUpper
MonkRulesAppendCommonSpecial3Num
MonkRulesAppendCommonSpecial3NumUpper
MonkRulesAppendSpecial3Num
MonkRulesAppendSpecial3NumUpper
MonkRulesAppendCommonSpecial4Num
MonkRulesAppendCommonSpecial4NumUpper
MonkRulesAppendSpecial4Num
MonkRulesAppendSpecial4NumUpper
MonkRulesAppendCommonSpecialUpTo4Num
MonkRulesAppendCommonSpecialUpTo4NumUpper
MonkRulesAppendSpecialUpTo4Num
MonkRulesAppendSpecialUpTo4NumUpper
MonkRulesPrependCommonSpecial1Num
MonkRulesPrependCommonSpecial1NumUpper
MonkRulesPrependSpecial1Num
MonkRulesPrependSpecial1NumUpper
MonkRulesPrependCommonSpecial2Num
MonkRulesPrependCommonSpecial2NumUpper
MonkRulesPrependSpecial2Num
MonkRulesPrependSpecial2NumUpper
MonkRulesPrependCommonSpecial3Num
MonkRulesPrependCommonSpecial3NumUpper
MonkRulesPrependSpecial3Num
MonkRulesPrependSpecial3NumUpper
MonkRulesPrependCommonSpecial4Num
MonkRulesPrependCommonSpecial4NumUpper
MonkRulesPrependSpecial4Num
MonkRulesPrependSpecial4NumUpper
MonkRulesPrependCommonSpecialUpTo4Num
MonkRulesPrependCommonSpecialUpTo4NumUpper
MonkRulesPrependSpecialUpTo4Num
MonkRulesPrependSpecialUpTo4NumUpper
MonkRulesAppend1NumCommonSpecial
MonkRulesAppend1NumCommonSpecialUpper
MonkRulesAppend1NumSpecial
MonkRulesAppend1NumSpecialUpper
MonkRulesAppend2NumCommonSpecial
MonkRulesAppend2NumCommonSpecialUpper
MonkRulesAppend2NumSpecial
MonkRulesAppend2NumSpecialUpper
MonkRulesAppend3NumCommonSpecial
MonkRulesAppend3NumCommonSpecialUpper
MonkRulesAppend3NumSpecial
MonkRulesAppend3NumSpecialUpper
MonkRulesAppend4NumCommonSpecial
MonkRulesAppend4NumCommonSpecialUpper
MonkRulesAppend4NumSpecial
MonkRulesAppend4NumSpecialUpper
MonkRulesAppendUpTo4NumCommonSpecial
MonkRulesAppendUpTo4NumCommonSpecialUpper
MonkRulesAppendUpTo4NumSpecial
MonkRulesAppendUpTo4NumSpecialUpper
MonkRulesPrepend1NumCommonSpecial
MonkRulesPrepend1NumCommonSpecialUpper
MonkRulesPrepend1NumSpecial
MonkRulesPrepend1NumSpecialUpper
MonkRulesPrepend2NumCommonSpecial
MonkRulesPrepend2NumCommonSpecialUpper
MonkRulesPrepend2NumSpecial
MonkRulesPrepend2NumSpecialUpper
MonkRulesPrepend3NumCommonSpecial
MonkRulesPrepend3NumCommonSpecialUpper
MonkRulesPrepend3NumSpecial
MonkRulesPrepend3NumSpecialUpper
MonkRulesPrepend4NumCommonSpecial
MonkRulesPrepend4NumCommonSpecialUpper
MonkRulesPrepend4NumSpecial
MonkRulesPrepend4NumSpecialUpper
MonkRulesPrependUpTo4NumCommonSpecial
MonkRulesPrependUpTo4NumCommonSpecialUpper
MonkRulesPrependUpTo4NumSpecial
MonkRulesPrependUpTo4NumSpecialUpper
MonkrulesSpray
MonkRulesQuick
MonkRulesQuickWithUpper
MonkRulesBig
MonkRulesBigWithUpper
MonkRulesAll
MonkRulesAllWithUpper
