MonkRulesAppendCurrentYear
MonkRulesAppendCurrentYearUpper
MonkRulesAppendLastYear
MonkRulesAppendLastYearUpper
MonkRulesAppendYear
MonkRulesAppendYearUpper
MonkRulesAppendCommonSequence
MonkRulesAppendCommonSequenceUpper
MonkRulesAppendCommonSpecial
MonkRulesAppendCommonSpecialUpper
MonkRulesAppendSpecial
MonkRulesAppendSpecialUpper
MonkRulesAppend1Num
MonkRulesAppend1NumUpper
MonkRulesAppend2Num
MonkRulesAppend2NumUpper
MonkRulesAppend3Num
MonkRulesAppend3NumUpper
MonkRulesAppend4Num
MonkRulesAppend4NumUpper
MonkRulesAppendUpTo4Num
MonkRulesAppendUpTo4NumUpper
MonkRulesAppendCommonSpecialCommonSequence
MonkRulesAppendCommonSpecialCommonSequenceUpper
MonkRulesAppendSpecialCommonSequence
MonkRulesAppendSpecialCommonSequenceUpper
MonkRulesAppendCommonSequenceCommonSpecial
MonkRulesAppendCommonSequenceCommonSpecialUpper
MonkRulesAppendCommonSequenceSpecial
MonkRulesAppendCommonSequenceSpecialUpper
MonkRulesAppendCommonSpecialCurrentYear
MonkRulesAppendCommonSpecialCurrentYearUpper
MonkRulesAppendCommonSpecialLastYear
MonkRulesAppendCommonSpecialLastYearUpper
MonkRulesAppendSpecialCurrentYear
MonkRulesAppendSpecialCurrentYearUpper
MonkRulesAppendSpecialLastYear
MonkRulesAppendSpecialLastYearUpper
MonkRulesAppendCommonSpecialYear
MonkRulesAppendCommonSpecialYearUpper
MonkRulesAppendSpecialYear
MonkRulesAppendSpecialYearUpper
MonkRulesAppendCurrentYearCommonSpecial
MonkRulesAppendCurrentYearCommonSpecialUpper
MonkRulesAppendCurrentYearSpecial
MonkRulesAppendCurrentYearSpecialUpper
MonkRulesAppendLastYearCommonSpecial
MonkRulesAppendLastYearCommonSpecialUpper
MonkRulesAppendLastYearSpecial
MonkRulesAppendLastYearSpecialUpper
MonkRulesAppendYearCommonSpecial
MonkRulesAppendYearCommonSpecialUpper
MonkRulesAppendYearSpecial
MonkRulesAppendYearSpecialUpper
MonkRulesAppendCommonSpecial1Num
MonkRulesAppendCommonSpecial1NumUpper
MonkRulesAppendSpecial1Num
MonkRulesAppendSpecial1NumUpper
MonkRulesAppendCommonSpecial2Num
MonkRulesAppendCommonSpecial2NumUpper
MonkRulesAppendSpecial2Num
MonkRulesAppendSpecial2NumUpper
MonkRulesAppendCommonSpecial3Num
MonkRulesAppendCommonSpecial3NumUpper
MonkRulesAppendSpecial3Num
MonkRulesAppendSpecial3NumUpper
MonkRulesAppendCommonSpecial4Num
MonkRulesAppendCommonSpecial4NumUpper
MonkRulesAppendSpecial4Num
MonkRulesAppendSpecial4NumUpper
MonkRulesAppendCommonSpecialUpTo4Num
MonkRulesAppendCommonSpecialUpTo4NumUpper
MonkRulesAppendSpecialUpTo4Num
MonkRulesAppendSpecialUpTo4NumUpper
MonkRulesAppend1NumCommonSpecial
MonkRulesAppend1NumCommonSpecialUpper
MonkRulesAppend1NumSpecial
MonkRulesAppend1NumSpecialUpper
MonkRulesAppend2NumCommonSpecial
MonkRulesAppend2NumCommonSpecialUpper
MonkRulesAppend2NumSpecial
MonkRulesAppend2NumSpecialUpper
MonkRulesAppend3NumCommonSpecial
MonkRulesAppend3NumCommonSpecialUpper
MonkRulesAppend3NumSpecial
MonkRulesAppend3NumSpecialUpper
MonkRulesAppend4NumCommonSpecial
MonkRulesAppend4NumCommonSpecialUpper
MonkRulesAppend4NumSpecial
MonkRulesAppend4NumSpecialUpper
MonkRulesAppendUpTo4NumCommonSpecial
MonkRulesAppendUpTo4NumCommonSpecialUpper
MonkRulesAppendUpTo4NumSpecial
MonkRulesAppendUpTo4NumSpecialUpper
MonkRulesQuick
MonkRulesQuickWithUpper
MonkRulesBig
MonkRulesBigWithUpper
MonkRulesAll
MonkRulesAllWithUpper
